../Core/Src/stm32f1xx_it.c:111:6:NMI_Handler	4	static
../Core/Src/stm32f1xx_it.c:126:6:HardFault_Handler	4	static
../Core/Src/stm32f1xx_it.c:141:6:MemManage_Handler	4	static
../Core/Src/stm32f1xx_it.c:156:6:BusFault_Handler	4	static
../Core/Src/stm32f1xx_it.c:171:6:UsageFault_Handler	4	static
../Core/Src/stm32f1xx_it.c:186:6:SVC_Handler	4	static
../Core/Src/stm32f1xx_it.c:199:6:DebugMon_Handler	4	static
../Core/Src/stm32f1xx_it.c:212:6:PendSV_Handler	4	static
../Core/Src/stm32f1xx_it.c:225:6:SysTick_Handler	8	static
../Core/Src/stm32f1xx_it.c:246:6:EXTI0_IRQHandler	8	static
../Core/Src/stm32f1xx_it.c:279:6:CAN1_RX1_IRQHandler	8	static
